// Jest Snapshot v1, https://goo.gl/fbAQLP

exports[`Spinner should render as it is 1`] = `
<div
  className="spinner-wrapper"
>
  <div
    className="lds-ring"
  >
    <div />
    <div />
    <div />
    <div />
  </div>
</div>
`;
